ID: 545, Data: 8DC 0 0 77 4E FF 4E FF
ID: 329, Data: 840 B9 80 A 11 33 0 26
ID: 43F, Data: 80 40 60 FF 6F 0 0, Data: 20 0
ID: 545, Data: 8DC 0 0 77 4E FF 4E FF
ID: 329, Data: 840 B9 80 A 11 33 0 26
ID: 43F, Data: 80 40 60 FF 6F 0 CAN Init ok
ID: 370, Data: 8FF E0 F0 F0 FF FF FF FF
ID: 370, Data: 8FF E0 F0 F0 FF FF FF FF
ID: 18F, Data: 8AA 43 0 0 0 0 0 0
ID: 316, Data: 85 0 0 0 1A A 0 7B
ID: 153, Data: 80 0 0 FF 0 FF 0 0
ID: A0, Data: 80 83 0 0 0 2A 0 0
ID: 329, Data: 880 B9 80 A 11 33 0 26
ID: 43F, Data: 80 40 60 FF 6F 0 0 0
ID: 329, Data: 8ED B9 80 A 11 32 0 26
ID: 370, Data: 8FF E0 F0 F0 FF FF FF FF
ID: 43F, Data: 80 40 60 FF 6F 0 0 0
ID: 316, Data: 85 0 0 0 1A A 0 7B
ID: 1F0, Data: 8FE 3F 0 0 0 0 0 0
ID: 316, Data: 85 0 0 0 1A A 0 7B
ID: 43F, Data: 80 40 60 FF 6F 0 0 0
ID: 43F, Data: 80 40 60 FF 6F 0 0 0
ID: 153, Data: 80 0 0 FF 0 FF 0 0
ID: 316, Data: 85 0 0 0 1A A 0 7B
ID: 153, Data: 80 0 0 FF 0 FF 0 0
ID: 440, Data: 8FE 0 0 A0 FF AA AA AA
ID: 316, Data: 85 0 0 0 1A A 0 7B
ID: A1, Data: 880 7E 80 7E 65 0 0 0
ID: 280, Data: 810 0 1 B9 0 0 6C D7
ID: 2A0, Data: 880 0 6C 18 30 0 10 0
ID: 153, Data: 80 0 0 FF 0 FF 0 0
ID: 153, Data: 80 0 0 FF 0 FF 0 0
ID: 2A0, Data: 8E0 0 6C 18 30 0 10 0
ID: 316, Data: 85 0 0 0 1A A 0 7B
ID: 2A0, Data: 820 0 6C 18 30 0 10 0
ID: 440, Data: 8FE F0 0 A0 FF AA AA AA
ID: 370, Data: 8FF E0 F0 F0 FF FF FF FF
ID: 153, Data: 80 0 0 FF 0 FF 0 0
ID: 18F, Data: 8AA 43 0 0 0 0 0 0
ID: 316, Data: 85 0 0 0 1A A 0 7B
ID: 316, Data: 85 0 0 0 1A A 0 7B
ID: 43F, Data: 80 40 60 FF 6F 0 0 0
ID: 43F, Data: 80 40 60 FF 6F 0 0 0
ID: 153, Data: 80 0 0 FF 0 FF 0 0
ID: 153, Data: 80 0 0 FF 0 FF 0 0
ID: A1, Data: 880 7E 80 7E 65 0 0 0
ID: 329, Data: 880 B9 80 A 11 32 0 26
ID: 370, Data: 8FF E0 F0 F0 FF FF FF FF
ID: 153, Data: 80 0 0 FF 0 FF 0 0
ID: 153, Data: 80 0 0 FF 0 FF 0 0
ID: 316, Data: 85 0 0 0 1A A 0 7B
ID: 440, Data: 8FE A0 0 A0 FF AA AA AA
ID: 1F0, Data: 8FE 3F 0 0 0 0 0 0
ID: 43F, Data: 80 40 60 FF 6F 0 0 0
ID: 43F, Data: 80 40 60 FF 6F 0 0 0
ID: 316, Data: 85 0 0 0 1A A 0 7B
ID: 153, Data: 80 0 0 FF 0 FF 0 0
ID: 316, Data: 85 0 0 0 1A A 0 7B
ID: A1, Data: 880 7E 80 7E 65 0 0 0
ID: 260, Data: 8B 0 1A 0 0 FF 69 2B
ID: A0, Data: 80 83 0 0 0 2A 0 0
ID: A1, Data: 880 7E 80 7E 65 0 0 0
ID: 316, Data: 85 0 0 0 1A A 0 7B
ID: 316, Data: 85 0 0 0 1A A 0 7B
ID: 316, Data: 85 0 0 0 1A A 0 7B
ID: 43F, Data: 80 40 60 FF 6F 0 0 0
ID: 153, Data: 80 0 0 FF 0 FF 0 0
ID: 153, Data: 80 0 0 FF 0 FF 0 0
ID: A0, Data: 80 83 0 0 0 2A 0 0
ID: 316, Data: 85 0 0 0 1A A 0 7B
ID: 43F, Data: 80 40 60 FF 6F 0 0 0
ID: 153, Data: 80 0 0 FF 0 FF 0 0
ID: 153, Data: 80 0 0 FF 0 FF 0 0
ID: A0, Data: 80 84 0 0 0 2B 0 0
ID: 545, Data: 8E4 0 0 77 4F FF 4F FF
ID: 316, Data: 85 0 0 0 1A A 0 7B
ID: 545, Data: 8DC 0 0 77 4F FF 4F FF
ID: 316, Data: 85 0 0 0 1A A 0 7B
ID: A0, Data: 80 83 0 0 0 2B 0 0
ID: 316, Data: 85 0 0 0 1A A 0 7B
ID: 370, Data: 8FF E0 F0 F0 FF FF FF FF
ID: 43F, Data: 80 40 60 FF 6F 0 0 0
ID: 329, Data: 880 B9 80 A 11 32 0 26
ID: 280, Data: 810 0 1 B9 0 0 6C D7
ID: 153, Data: 80 0 0 FF 0 FF 0 0
ID: 316, Data: 85 0 0 0 1A A 0 7B
ID: 43F, Data: 80 40 60 FF 6F 0 0 0
ID: 280, Data: 810 0 1 B9 0 0 6C D7
ID: 2A0, Data: 820 0 6C 18 30 0 10 0
ID: 1F0, Data: 8FE 3F 0 0 0 0 0 0
ID: 153, Data: 80 0 0 FF 0 FF 0 0
ID: 260, Data: 8B 0 1A 0 0 FF 69 D
ID: 316, Data: 85 0 0 0 1A A 0 7B
ID: 43F, Data: 80 40 60 FF 6F 0 0 0
ID: 316, Data: 85 0 0 0 1A A 0 7B
ID: 1F0, Data: 8FE 3F 0 0 0 0 0 0
ID: 316, Data: 85 0 0 0 1A A 0 7B
ID: 43F, Data: 80 40 60 FF 6F 0 0 0
ID: 545, Data: 8E4 0 0 77 4F FF 4F FF
ID: 18F, Data: 8AA 43 0 0 0 0 0 0
ID: 43F, Data: 80 40 60 FF 6F 0 0 0
ID: 1F0, Data: 8FE 3F 0 0 0 0 0 0
ID: 153, Data: 80 0 0 FF 0 FF 0 0
ID: 153, Data: 80 0 0 FF 0 FF 0 0
ID: 316, Data: 85 0 0 0 1A 9 0 7B
ID: 43F, Data: 80 40 60 FF 6F 0 0 0
ID: 1F1, Data: 80 0 0 0 0 0 0 0
ID: 153, Data: 80 0 0 FF 0 FF 0 0
ID: 2A0, Data: 8E0 0 6C 18 30 0 10 0
ID: 316, Data: 85 0 0 0 1A 9 0 7B
ID: 545, Data: 8E4 0 0 77 50 FF 50 FF
ID: 316, Data: 85 0 0 0 1A 9 0 7B
ID: 2A0, Data: 8E0 0 6C 18 30 0 10 0
ID: 316, Data: 85 0 0 0 1A 9 0 7B
ID: 18F, Data: 8AA 43 0 0 0 0 0 0
ID: 316, Data: 85 0 0 0 1A 9 0 7B
ID: 316, Data: 85 0 0 0 1A 9 0 7B
ID: 43F, Data: 80 40 60 FF 6F 0 0 0
ID: 153, Data: 80 0 0 FF 0 FF 0 0
ID: 43F, Data: 80 40 60 FF 6F 0 0 0
ID: A0, Data: 80 83 0 0 0 2A 0 0
ID: A1, Data: 880 7E 80 7E 65 0 0 0
ID: 316, Data: 85 0 0 0 1A A 0 7B
ID: 316, Data: 85 0 0 0 1A A 0 7B
ID: 316, Data: 85 0 0 0 1A A 0 7B
ID: 153, Data: 80 0 0 FF 0 FF 0 0
ID: 440, Data: 8FE A0 0 A0 FF AA AA AA
ID: 260, Data: 8B 0 1A 0 0 FF 69 D
ID: 153, Data: 80 0 0 FF 0 FF 0 0
ID: 43F, Data: 80 40 60 FF 6F 0 0 0
ID: 5F0, Data: 20 0
ID: 43F, Data: 80 40 60 FF 6F 0 0 0
ID: 43F, Data: 80 40 60 FF 6F 0 0 0
ID: 43F, Data: 80 40 60 FF 6F 0 0 0
ID: 43F, Data: 80 40 60 FF 6F 0 0 0
ID: 43F, Data: 80 40 60 FF 6F 0 0 0
ID: 43F, Data: 80 40 60 FF 6F 0 0 0
ID: 153, Data: 80 0 0 FF 0 FF 0 0
ID: 5F0, Data: 20 0
ID: 153, Data: 80 0 0 FF 0 FF 0 0
ID: 153, Data: 80 0 0 FF 0 FF 0 0
ID: 18F, Data: 8AA 43 0 0 0 0 0 0
ID: 316, Data: 85 0 0 0 1A A 0 7B
ID: 153, Data: 80 0 0 FF 0 FF 0 0
ID: 316, Data: 85 0 0 0 1A A 0 7B
ID: 153, Data: 80 0 0 FF 0 FF 0 0
ID: 440, Data: 8FE 0 0 A0 FF AA AA AA
ID: 316, Data: 85 0 0 0 1A A 0 7B
ID: 370, Data: 8FF E0 F0 F0 FF FF FF FF
ID: 280, Data: 810 0 1 B9 0 0 6C D7
ID: 153, Data: 80 0 0 FF 0 FF 0 0
ID: 316, Data: 85 0 0 0 1A A 0 7B
ID: 153, Data: 80 0 0 FF 0 FF 0 0
ID: 43F, Data: 80 40 60 FF 6F 0 0 0
ID: 545, Data: 8DC 0 0 77 4F FF 4F FF
ID: 260, Data: 8B 0 1A 0 0 FF 69 3A
ID: 316, Data: 85 0 0 0 1A A 0 7B
ID: 153, Data: 80 0 0 FF 0 FF 0 0
ID: A1, Data: 880 7E 80 7E 65 0 0 0
ID: 2A0, Data: 8E0 0 6C 18 30 0 10 0
ID: 260, Data: 8B 0 1A 0 0 FF 69 D
ID: 153, Data: 80 0 0 FF 0 FF 0 0
ID: 43F, Data: 80 40 60 FF 6F 0 0 0
ID: 545, Data: 8E4 0 0 77 4F FF 4F FF
ID: 260, Data: 8B 0 1A 0 0 FF 69 D
ID: 153, Data: 80 0 0 FF 0 FF 0 0
ID: 153, Data: 80 0 0 FF 0 FF 0 0
ID: 260, Data: 8B 0 1A 0 0 FF 69 3A
ID: 316, Data: 85 0 0 0 1A 9 0 7B
ID: 280, Data: 810 0 1 B9 0 0 6C D7
ID: 316, Data: 85 0 0 0 1A 9 0 7B
ID: 316, Data: 85 0 0 0 1A 9 0 7B
ID: 316, Data: 85 0 0 0 1A 9 0 7B
ID: 153, Data: 80 0 0 FF 0 FF 0 0
ID: 43F, Data: 80 40 60 FF 6F 0 0 0
ID: 280, Data: 810 0 1 BA 0 0 6C D7
ID: 2A0, Data: 8E0 0 6C 18 30 0 10 0
ID: 18F, Data: 8AA 43 0 0 0 0 0 0
ID: 153, Data: 80 0 0 FF 0 FF 0 0
ID: 260, Data: 8B 0 1A 0 0 FF 69 2B
ID: 370, Data: 8FF E0 F0 F0 FF FF FF FF
ID: 329, Data: 880 BA 80 A 11 32 0 26
ID: 316, Data: 85 0 0 0 1A 9 0 7B
ID: 316, Data: 85 0 0 0 1A 9 0 7B
ID: 316, Data: 85 0 0 0 1A 9 0 7B
ID: 153, Data: 80 0 0 FF 0 FF 0 0
ID: 43F, Data: 80 40 60 FF 6F 0 0 0
ID: 2A0, Data: 840 0 6C 18 30 0 10 0
ID: 18F, Data: 8AA 43 0 0 0 0 0 0
ID: 316, Data: 85 0 0 0 1A 9 0 7B
ID: 260, Data: 8B 0 1A 0 0 FF 69 1C
ID: 43F, Data: 80 40 60 FF 6F 0 0 0
ID: 316, Data: 85 0 0 0 1A 9 0 7B
ID: 280, Data: 810 0 1 BA 0 0 6C D7
ID: 316, Data: 85 0 0 0 1A 9 0 7B
ID: 316, Data: 85 0 0 0 1A 9 0 7B
ID: 316, Data: 85 0 0 0 1A 9 0 7B
ID: 440, Data: 8FE A0 0 A0 FF AA AA AA
ID: 5F0, Data: 20 0
ID: 316, Data: 85 0 0 0 1A 9 0 7B
ID: 316, Data: 85 0 0 0 1A 9 0 7B
ID: 153, Data: 80 0 0 FF 0 FF 0 0
ID: A1, Data: 880 7E 80 7E 65 0 0 0
ID: 280, Data: 810 0 1 BA 0 0 6C D7
ID: 545, Data: 8E4 0 0 77 50 FF 50 FF
ID: 18F, Data: 8AA 43 0 0 0 0 0 0
ID: 153, Data: 80 0 0 FF 0 FF 0 0
ID: 316, Data: 85 0 0 0 1A 9 0 7B
ID: 280, Data: 810 0 1 BA 0 0 6C D7
ID: 316, Data: 85 0 0 0 1A 9 0 7B
ID: 5F0, Data: 20 0
ID: 153, Data: 80 0 0 FF 0 FF 0 0
ID: 43F, Data: 80 40 60 FF 6F 0 0 0
ID: 5F0, Data: 20 0
ID: 316, Data: 85 0 0 0 1A 9 0 7B
ID: 43F, Data: 80 40 60 FF 6F 0 0 0
ID: A1, Data: 880 7E 80 7E 65 0 0 0
ID: 153, Data: 80 0 0 FF 0 FF 0 0
ID: 153, Data: 80 0 0 FF 0 FF 0 0
ID: 260, Data: 8B 0 1A 0 0 FF 69 2B
ID: 43F, Data: 80 40 60 FF 6F 0 0 0
ID: 316, Data: 85 0 0 0 1A 9 0 7B
ID: 153, Data: 80 0 0 FF 0 FF 0 0
ID: 316, Data: 85 0 0 0 1A 9 0 7B
ID: 153, Data: 80 0 0 FF 0 FF 0 0
ID: 1F1, Data: 80 0 0 0 0 0 0 0
ID: A0, Data: 80 84 0 0 0 2A 0 0
ID: 316, Data: 85 0 0 0 1A 9 0 7B
ID: 370, Data: 8FF E0 F0 F0 FF FF FF FF
ID: A0, Data: 80 84 0 0 0 2B 0 0
ID: 316, Data: 85 0 0 0 1A 9 0 7B
ID: 43F, Data: 80 40 60 FF 6F 0 0 0
ID: A1, Data: 880 7E 80 7E 65 0 0 0
ID: 5F0, Data: 20 0
ID: 316, Data: 85 0 0 0 1A 9 0 7B
ID: 43F, Data: 80 40 60 FF 6F 0 0 0
ID: 545, Data: 8E4 0 0 77 50 FF 50 FF
ID: 260, Data: 8B 0 1A 0 0 FF 69 D
ID: 316, Data: 85 0 0 0 1A 9 0 7B
ID: 153, Data: 80 0 0 FF 0 FF 0 0
ID: 545, Data: 8E4 0 0 77 50 FF 50 FF
ID: 316, Data: 85 0 0 0 1A 9 0 7B
ID: 43F, Data: 80 40 60 FF 6F 0 0 0
ID: 545, Data: 8E4 0 0 77 50 FF 50 FF
ID: 260, Data: 8B 0 1A 0 0 FF 69 3A
ID: 43F, Data: 80 40 60 FF 6F 0 0 0
ID: 1F0, Data: 8FE 3F 0 0 0 0 0 0
ID: 43F, Data: 80 40 60 FF 6F 0 0 0
ID: 153, Data: 80 0 0 FF 0 FF 0 0
ID: 153, Data: 80 0 0 FF 0 FF 0 0
ID: A1, Data: 880 7E 80 7E 65 0 0 0
ID: 329, Data: 840 BA 80 A 11 32 0 26
ID: 545, Data: 8E4 0 0 77 50 FF 50 FF
ID: 153, Data: 80 0 0 FF 0 FF 0 0
ID: 153, Data: 80 0 0 FF 0 FF 0 0
ID: 370, Data: 8FF E0 F0 F0 FF FF FF FF
ID: 43F, Data: 80 40 60 FF 6F 0 0 0
ID: 316, Data: 85 0 0 0 1A 9 0 7B
ID: 316, Data: 85 0 0 0 1A 9 0 7B
ID: 153, Data: 80 0 0 FF 0 FF 0 0
ID: 316, Data: 85 0 0 0 1A 9 0 7B
ID: 153, Data: 80 0 0 FF 0 FF 0 0
ID: 440, Data: 8FE F0 0 A0 FF AA AA AA
ID: 5F0, Data: 20 0
ID: 316, Data: 85 0 0 0 1A 9 0 7B
ID: 153, Data: 80 0 0 FF 0 FF 0 0
ID: 370, Data: 8FF E0 F0 F0 FF FF FF FF
ID: 316, Data: 85 0 0 0 1A 9 0 7B
ID: 153, Data: 80 0 0 FF 0 FF 0 0
ID: 43F, Data: 80 40 60 FF 6F 0 0 0
ID: 545, Data: 8DC 0 0 77 50 FF 50 FF
ID: 260, Data: 8B 0 1A 0 0 FF 69 D
ID: 153, Data: 80 0 0 FF 0 FF 0 0
ID: 43F, Data: 80 40 60 FF 6F 0 0 0
ID: A0, Data: 80 84 0 0 0 2A 0 0
ID: 18F, Data: 8AA 43 0 0 0 0 0 0
ID: 43F, Data: 80 40 60 FF 6F 0 0 0
ID: 153, Data: 80 0 0 FF 0 FF 0 0
ID: 316, Data: 85 0 0 0 1A 9 0 7B
ID: 153, Data: 80 0 0 FF 0 FF 0 0
ID: 1F1, Data: 80 0 0 0 0 0 0 0
ID: 260, Data: 8B 0 1A 0 0 FF 69 1C
ID: 316, Data: 85 0 0 0 1A 9 0 7B
ID: 316, Data: 85 0 0 0 1A 9 0 7B
ID: 153, Data: 80 0 0 FF 0 FF 0 0
ID: 153, Data: 80 0 0 FF 0 FF 0 0
ID: 2A0, Data: 820 0 6C 18 30 0 10 0
ID: 316, Data: 85 0 0 0 1A 9 0 7B
ID: 545, Data: 8E4 0 0 77 50 FF 50 FF
ID: 316, Data: 85 0 0 0 1A 9 0 7B
ID: A0, Data: 80 84 0 0 0 2A 0 0
ID: 1F1, Data: 80 0 0 0 0 0 0 0
ID: 5F0, Data: 20 0
ID: 18F, Data: 8AA 43 0 0 0 0 0 0
ID: 2A0, Data: 840 0 6C 18 30 0 10 0
ID: 153, Data: 80 0 0 FF 0 FF 0 0
ID: 545, Data: 8E4 0 0 77 50 FF 50 FF
ID: 1F1, Data: 80 0 0 0 0 0 0 0
ID: A0, Data: 80 84 0 0 0 2B 0 0
ID: 5F0, Data: 20 0
ID: 316, Data: 85 0 0 0 1A 9 0 7B
ID: 43F, Data: 80 40 60 FF 6F 0 0 0
ID: 2A0, Data: 8E0 0 6C 18 30 0 10 0
ID: 18F, Data: 8AA 43 0 0 0 0 0 0
ID: 153, Data: 80 0 0 FF 0 FF 0 0
ID: 18F, Data: 8AA 43 0 0 0 0 0 0
ID: 316, Data: 85 0 0 0 1A 9 0 7B
ID: 316, Data: 85 0 0 0 1A 9 0 7B
ID: 153, Data: 80 0 0 FF 0 FF 0 0
ID: 1F1, Data: 80 0 0 0 0 0 0 0
ID: 260, Data: 8B 0 1A 0 0 FF 69 2B
ID: 316, Data: 85 0 0 0 1A 9 0 7B
ID: 316, Data: 85 0 0 0 1A 9 0 7B
ID: 153, Data: 80 0 0 FF 0 FF 0 0
ID: 43F, Data: 80 40 60 FF 6F 0 0 0
ID: 545, Data: 8DC 0 0 77 50 FF 50 FF
ID: 260, Data: 8B 0 1A 0 0 FF 69 3A
ID: 153, Data: 80 0 0 FF 0 FF 0 0
ID: 43F, Data: 80 40 60 FF 6F 0 0 0
ID: 153, Data: 80 0 0 FF 0 FF 0 0
ID: 153, Data: 80 0 0 FF 0 FF 0 0
ID: 545, Data: 8DC 0 0 77 50 FF 50 FF
ID: 316, Data: 85 0 0 0 1A 9 0 7B
ID: 370, Data: 8FF E0 F0 F0 FF FF FF FF
ID: 545, Data: 8E4 0 0 77 50 FF 50 FF
ID: 316, Data: 85 0 0 0 1A 9 0 7B
ID: 316, Data: 85 0 0 0 1A 9 0 7B
ID: 153, Data: 80 0 0 FF 0 FF 0 0
ID: 43F, Data: 80 40 60 FF 6F 0 0 0
ID: 153, Data: 80 0 0 FF 0 FF 0 0
ID: 316, Data: 85 0 0 0 1A 9 0 7B
ID: A1, Data: 880 7E 80 7E 65 0 0 0
ID: 329, Data: 840 BA 80 A 11 33 0 26
ID: 545, Data: 8E4 0 0 77 50 FF 50 FF
ID: 153, Data: 80 0 0 FF 0 FF 0 0
ID: 316, Data: 85 0 0 0 1A 9 0 7B
ID: 370, Data: 8FF E0 F0 F0 FF FF FF FF
ID: 5F0, Data: 20 0
ID: 316, Data: 85 0 0 0 1A 9 0 7B
ID: 316, Data: 85 0 0 0 1A 9 0 7B
ID: 316, Data: 85 0 0 0 1A 9 0 7B
ID: 43F, Data: 80 40 60 FF 6F 0 0 0
ID: A0, Data: 80 84 0 0 0 2A 0 0
ID: 43F, Data: 80 40 60 FF 6F 0 0 0
ID: 316, Data: 85 0 0 0 1A 9 0 7B
ID: 316, Data: 85 0 0 0 1A 9 0 7B
ID: 43F, Data: 80 40 60 FF 6F 0 0 0
ID: 153, Data: 80 0 0 FF 0 FF 0 0
ID: 316, Data: 85 0 0 0 1A 9 0 7B
ID: 153, Data: 80 0 0 FF 0 FF 0 0
ID: 260, Data: 8B 0 1A 0 0 FF 69 2B
ID: 329, Data: 840 BA 80 A 11 33 0 26
ID: 545, Data: 8DC 0 0 77 50 FF 50 FF
ID: 43F, Data: 80 40 60 FF 6F 0 0 0
ID: 316, Data: 85 0 0 0 1A 9 0 7B
ID: 153, Data: 80 0 0 FF 0 FF 0 0
ID: 43F, Data: 80 40 60 FF 6F 0 0 0
ID: 153, Data: 80 0 0 FF 0 FF 0 0
ID: 5F0, Data: 20 0
ID: A0, Data: 80 84 0 0 0 2A 0 0
ID: 260, Data: 8B 0 1A 0 0 FF 69 2B
ID: 153, Data: 80 0 0 FF 0 FF 0 0
ID: 316, Data: 85 0 0 0 1A 9 0 7B
ID: 153, Data: 80 0 0 FF 0 FF 0 0
ID: 43F, Data: 80 40 60 FF 6F 0 0 0
ID: A1, Data: 880 7E 80 7E 65 0 0 0
ID: 153, Data: 80 0 0 FF 0 FF 0 0
ID: 153, Data: 80 0 0 FF 0 FF 0 0
ID: 18F, Data: 8AA 43 0 0 0 0 0 0
ID: 5F0, Data: 20 0
ID: 153, Data: 80 0 0 FF 0 FF 0 0
ID: 43F, Data: 80 40 60 FF 6F 0 0 0
ID: 5F0, Data: 20 0
ID: 316, Data: 85 0 0 0 1A 9 0 7B
ID: 43F, Data: 80 40 60 FF 6F 0 0 0
ID: A1, Data: 880 7E 80 7E 65 0 0 0
ID: 153, Data: 80 0 0 FF 0 FF 0 0
ID: 316, Data: 85 0 0 0 1A 9 0 7B
ID: 2A0, Data: 840 0 6C 18 30 0 10 0
ID: 316, Data: 85 0 0 0 1A 9 0 7B
ID: 260, Data: 8B 0 1A 0 0 FF 69 D
ID: 316, Data: 85 0 0 0 1A 9 0 7B
ID: 316, Data: 85 0 0 0 1A 9 0 7B
ID: 153, Data: 80 0 0 FF 0 FF 0 0
ID: 440, Data: 8FE 50 0 A0 FF AA AA AA
ID: A1, Data: 880 7E 80 7E 65 0 0 0
ID: 440, Data: 8FE 50 0 A0 FF AA AA AA
ID: 43F, Data: 80 40 60 FF 6F 0 0 0
ID: A0, Data: 80 84 0 0 0 2B 0 0
ID: 260, Data: 8B 0 1A 0 0 FF 69 1C
ID: 316, Data: 85 0 0 0 1A 9 0 7B
ID: 316, Data: 85 0 0 0 1A 9 0 7B
ID: 316, Data: 85 0 0 0 1A 9 0 7B
ID: 153, Data: 80 0 0 FF 0 FF 0 0
ID: 440, Data: 8FE 0 0 A0 FF AA AA AA
ID: 260, Data: 8B 0 1A 0 0 FF 69 2B
ID: 43F, Data: 80 40 60 FF 6F 0 0 0
ID: 153, Data: 80 0 0 FF 0 FF 0 0
ID: 43F, Data: 80 40 60 FF 6F 0 0 0
ID: 153, Data: 80 0 0 FF 0 FF 0 0
ID: 153, Data: 80 0 0 FF 0 FF 0 0
ID: A1, Data: 880 7E 80 7E 65 0 0 0
ID: 329, Data: 8ED BA 80 A 11 32 0 26
ID: 2A0, Data: 840 0 6C 18 30 0 10 0
ID: 153, Data: 80 0 0 FF 0 FF 0 0
ID: 153, Data: 80 0 0 FF 0 FF 0 0
ID: 153, Data: 80 0 0 FF 0 FF 0 0
ID: A0, Data: 80 84 0 0 0 2A 0 0
ID: 316, Data: 85 0 0 0 1A 9 0 7B
ID: 153, Data: 80 0 0 FF 0 FF 0 0
ID: 43F, Data: 80 40 60 FF 6F 0 0 0
ID: A1, Data: 880 7E 80 7E 65 0 0 0
ID: 43F, Data: 80 40 60 FF 6F 0 0 0
ID: 5A0, Data: 80 0 0 10 0 0 0 0
ID: 153, Data: 80 0 0 FF 0 FF 0 0
ID: 370, Data: 8FF E0 F0 F0 FF FF FF FF
ID: 316, Data: 85 0 0 0 1A 9 0 7B
ID: 316, Data: 85 0 0 0 1A 9 0 7B
ID: 43F, Data: 80 40 60 FF 6F 0 0 0
ID: 280, Data: 810 0 1 BA 0 0 6C D7
ID: 2A0, Data: 840 0 6C 18 30 0 10 0
ID: 260, Data: 8B 0 1A 0 0 FF 69 3A
ID: 1F1, Data: 80 0 0 0 0 0 0 0
ID: 153, Data: 80 0 0 FF 0 FF 0 0
ID: 316, Data: 85 0 0 0 1A 9 0 7B
ID: 43F, Data: 80 40 60 FF 6F 0 0 0
ID: 316, Data: 85 0 0 0 1A 9 0 7B
ID: 316, Data: 85 0 0 0 1A 9 0 7B
ID: 153, Data: 80 0 0 FF 0 FF 0 0
ID: 18F, Data: 8AA 43 0 0 0 0 0 0
ID: 316, Data: 85 0 0 0 1A 9 0 7B
ID: 316, Data: 85 0 0 0 1A 9 0 7B
ID: 153, Data: 80 0 0 FF 0 FF 0 0
ID: 43F, Data: 80 40 60 FF 6F 0 0 0
ID: 260, Data: 8B 0 1A 0 0 FF 69 2B
ID: 18F, Data: 8AA 43 0 0 0 0 0 0
ID: A1, Data: 880 7E 80 7E 65 0 0 0
ID: 280, Data: 810 0 1 BA 0 0 6C D7
ID: 2A0, Data: 840 0 6C 18 30 0 10 0
ID: 18F, Data: 8AA 43 0 0 0 0 0 0
ID: 316, Data: 85 0 0 0 1A 9 0 7B
ID: 440, Data: 8FE 50 0 A0 FF AA AA AA
ID: 153, Data: 80 0 0 FF 0 FF 0 0
ID: 316, Data: 85 0 0 0 1A 9 0 7B
ID: A0, Data: 80 84 0 0 0 2B 0 0
ID: 316, Data: 85 0 0 0 1A 9 0 7B
ID: 153, Data: 80 0 0 FF 0 FF 0 0
ID: 43F, Data: 80 40 60 FF 6F 0 0 0
ID: A1, Data: 880 7E 80 7E 65 0 0 0
ID: A0, Data: 80 84 0 0 0 2A 0 0
ID: 153, Data: 80 0 0 FF 0 FF 0 0
ID: 316, Data: 85 0 0 0 1A 9 0 7B
ID: 43F, Data: 80 40 60 FF 6F 0 0 0
ID: 153, Data: 80 0 0 FF 0 FF 0 0
ID: 316, Data: 85 0 0 0 1A 9 0 7B
ID: 153, Data: 80 0 0 FF 0 FF 0 0
ID: 2A0, Data: 840 0 6C 18 30 0 10 0
ID: 329, Data: 8B BA 80 A 11 32 0 26
ID: A0, Data: 80 84 0 0 0 2B 0 0
ID: 440, Data: 8FE A0 0 A0 FF AA AA AA
ID: 545, Data: 8DC 0 0 77 51 FF 51 FF
ID: 43F, Data: 80 40 60 FF 6F 0 0 0
ID: 316, Data: 85 0 0 0 1A 9 0 7B
ID: 153, Data: 80 0 0 FF 0 FF 0 0
ID: 43F, Data: 80 40 60 FF 6F 0 0 0
ID: 5A1, Data: 880 3 90 23 30 30 30 0
ID: 316, Data: 85 0 0 0 1A 9 0 7B
ID: 5F0, Data: 20 0
ID: 153, Data: 80 0 0 FF 0 FF 0 0
ID: 153, Data: 80 0 0 FF 0 FF 0 0
ID: 5F0, Data: 20 0
ID: 2A0, Data: 8E0 0 6C 18 30 0 10 0
ID: 2A0, Data: 840 0 6C 18 30 0 10 0
ID: 5F0, Data: 20 0
ID: 153, Data: 80 0 0 FF 0 FF 0 0
ID: 43F, Data: 80 40 60 FF 6F 0 0 0
ID: A0, Data: 80 84 0 0 0 2B 0 0
ID: 153, Data: 80 0 0 FF 0 FF 0 0
ID: 316, Data: 85 0 0 0 1A 9 0 7B
ID: 43F, Data: 80 40 60 FF 6F 0 0 0
ID: 5F0, Data: 20 0
ID: 316, Data: 85 0 0 0 1A 9 0 7B
ID: 43F, Data: 80 40 60 FF 6F 0 0 0
ID: 5F0, Data: 20 0
ID: 153, Data: 80 0 0 FF 0 FF 0 0
ID: 43F, Data: 80 40 60 FF 6F 0 0 0
ID: 545, Data: 8DC 0 0 77 51 FF 51 FF
ID: 260, Data: 8B 0 1A 0 0 FF 69 2B
ID: 153, Data: 80 0 0 FF 0 FF 0 0
ID: 43F, Data: 80 40 60 FF 6F 0 0 0
ID: 153, Data: 80 0 0 FF 0 FF 0 0
ID: 5F0, Data: 20 0
ID: 545, Data: 8E4 0 0 77 51 FF 51 FF
ID: 153, Data: 80 0 0 FF 0 FF 0 0
ID: 153, Data: 80 0 0 FF 0 FF 0 0
ID: A1, Data: 880 7E 80 7E 65 0 0 0
ID: 329, Data: 8B BA 80 A 11 33 0 26
ID: 370, Data: 8FF E0 F0 F0 FF FF FF FF
ID: 153, Data: 80 0 0 FF 0 FF 0 0
ID: 316, Data: 85 0 0 0 1A 9 0 7B
ID: 153, Data: 80 0 0 FF 0 FF 0 0
ID: 43F, Data: 80 40 60 FF 6F 0 0 0
ID: A1, Data: 880 7E 80 7E 65 0 0 0
ID: 5F0, Data: 20 0
ID: 153, Data: 80 0 0 FF 0 FF 0 0
ID: 153, Data: 80 0 0 FF 0 FF 0 0
ID: 545, Data: 8DC 0 0 77 51 FF 51 FF
ID: 316, Data: 85 0 0 0 1A 9 0 7B
ID: A0, Data: 80 84 0 0 0 2A 0 0
ID: 316, Data: 85 0 0 0 1A 9 0 7B
ID: 43F, Data: 80 40 60 FF 6F 0 0 0
ID: 43F, Data: 80 40 60 FF 6F 0 0 0
ID: 43F, Data: 80 40 60 FF 6F 0 0 0
ID: 153, Data: 80 0 0 FF 0 FF 0 0
ID: 316, Data: 85 0 0 0 1A 9 0 7B
ID: 153, Data: 80 0 0 FF 0 FF 0 0
ID: 18F, Data: 8AA 43 0 0 0 0 0 0
ID: 316, Data: 85 0 0 0 1A 9 0 7B
ID: 153, Data: 80 0 0 FF 0 FF 0 0
ID: 316, Data: 85 0 0 0 1A 9 0 7B
ID: 43F, Data: 80 40 60 FF 6F 0 0 0
ID: 18F, Data: 8AA 43 0 0 0 0 0 0
ID: A0, Data: 80 84 0 0 0 2A 0 0
ID: 329, Data: 8B BA 80 A 11 32 0 26
ID: 440, Data: 8FE A0 0 A0 FF AA AA AA
ID: 316, Data: 85 0 0 0 1A 9 0 7B
ID: 153, Data: 80 0 0 FF 0 FF 0 0
ID: 440, Data: 8FE A0 0 A0 FF AA AA AA
ID: 316, Data: 85 0 0 0 1A 9 0 7B
ID: 153, Data: 80 0 0 FF 0 FF 0 0
ID: 1F1, Data: 80 0 0 0 0 0 0 0
ID: 316, Data: 85 0 0 0 1A 9 0 7B
ID: 153, Data: 80 0 0 FF 0 FF 0 0
ID: 43F, Data: 80 40 60 FF 6F 0 0 0
ID: 280, Data: 810 0 1 BA 0 0 6C D7
ID: 2A0, Data: 8E0 0 6C 18 30 0 10 0
ID: 18F, Data: 8AA 43 0 0 0 0 0 0
ID: 43F, Data: 80 40 60 FF 6F 0 0 0
ID: 18F, Data: 8AA 43 0 0 0 0 0 0
ID: A0, Data: 80 84 0 0 0 2A 0 0
ID: 329, Data: 8B BA 80 A 11 32 0 26
ID: 153, Data: 80 0 0 FF 0 FF 0 0
ID: 316, Data: 85 0 0 0 1A 9 0 7B
ID: 153, Data: 80 0 0 FF 0 FF 0 0
ID: 316, Data: 85 0 0 0 1A 9 0 7B
ID: A1, Data: 880 7E 80 7E 65 0 0 0
ID: 153, Data: 80 0 0 FF 0 FF 0 0
ID: 2A0, Data: 840 0 6C 18 30 0 10 0
ID: 153, Data: 80 0 0 FF 0 FF 0 0
ID: 545, Data: 8DC 0 0 77 51 FF 51 FF
ID: 316, Data: 85 0 0 0 1A 9 0 7B
ID: 18F, Data: 8AA 43 0 0 0 0 0 0
ID: 316, Data: 85 0 0 0 1A 9 0 7B
ID: 43F, Data: 80 40 60 FF 6F 0 0 0
ID: 316, Data: 85 0 0 0 1A 9 0 7B
ID: 153, Data: 80 0 0 FF 0 FF 0 0
ID: 316, Data: 85 0 0 0 1A 9 0 7B
ID: A1, Data: 880 7E 80 7E 65 0 0 0
ID: 329, Data: 8B BA 80 A 11 32 0 26
ID: 545, Data: 8E4 0 0 63 51 FF 51 FF
ID: A1, Data: 880 7E 80 7E 65 0 0 0
ID: 43F, Data: 80 40 60 FF 6F 44 2 0
ID: 153, Data: 80 0 0 FF 0 FF 0 0
ID: 43F, Data: 80 40 60 FF 6F F8 1 0
ID: 153, Data: 80 0 0 FF 0 FF 0 0
ID: 316, Data: 85 0 0 0 1A 9 0 7B
ID: 316, Data: 85 0 0 0 1A 9 0 7B
ID: 153, Data: 80 0 0 FF 0 FF 0 0
ID: A0, Data: 80 84 0 0 0 2A 0 0
ID: 316, Data: 85 0 84 3 1A C 0 7B
ID: 316, Data: 85 0 FF 2 1A B 0 7B
ID: 153, Data: 80 0 0 FF 0 FF 0 0
ID: 43F, Data: 80 40 60 FF 6F D8 7 0
ID: 153, Data: 80 0 0 FF 0 FF 0 0
ID: 43F, Data: 80 40 60 FF 6F D8 11 0
ID: 5F0, Data: 20 0
ID: 153, Data: 80 0 0 FF 0 FF 0 0
ID: 43F, Data: 80 40 60 FF 6F 44 16 0
ID: 43F, Data: 80 40 60 FF 6F 34 17 0
ID: 43F, Data: 80 40 60 FF 6F A8 17 0
ID: 440, Data: 8FE 50 0 A0 FF AA AA AA
ID: 2A0, Data: 820 0 6C 18 30 0 10 0
ID: 316, Data: 85 21 BA 16 18 15 0 7B
ID: 316, Data: 85 1E 6B 16 19 15 0 7B
ID: 1F0, Data: 8FE 3F 0 0 0 0 0 0
ID: 1F0, Data: 8FE 3F 0 0 0 0 0 0
ID: 43F, Data: 80 40 60 FF 6F 68 15 0
ID: 545, Data: 8E4 3C 0 7C 79 0 79 0
ID: 153, Data: 80 0 0 FF 0 FF 0 0
ID: 5F0, Data: 20 0
ID: 153, Data: 80 0 0 FF 0 FF 0 0
ID: 43F, Data: 80 40 60 FF 6F CC 14 0
ID: 18F, Data: 8AA 44 0 0 0 0 0 0
ID: 316, Data: 85 1D AE 14 1D 16 0 7B
ID: 153, Data: 80 0 0 FF 0 FF 0 0
ID: 153, Data: 80 0 0 FF 0 FF 0 0
ID: 316, Data: 85 1D 5 14 1D 16 0 7B
ID: 43F, Data: 80 40 60 FF 6F F4 13 0
ID: 43F, Data: 80 40 60 FF 6F A0 13 0
ID: 316, Data: 85 1E D9 12 1E 16 0 7B
ID: 545, Data: 8E4 36 0 81 96 0 96 0
ID: 153, Data: 80 0 0 FF 0 FF 0 0
ID: 5F0, Data: 20 0
ID: 43F, Data: 80 40 60 FF 6F F0 11 0
ID: 153, Data: 80 0 0 FF 0 FF 0 0
ID: 316, Data: 85 20 8F 11 1F 16 0 7B
ID: 153, Data: 80 0 0 FF 0 FF 0 0
ID: 316, Data: 85 21 64 11 1F 17 0 7B
ID: 153, Data: 80 0 0 FF 0 FF 0 0
ID: 153, Data: 80 0 0 FF 0 FF 0 0
ID: 316, Data: 85 21 4D 11 1F 17 0 7B
ID: 43F, Data: 80 40 60 FF 6F 44 11 0
ID: 316, Data: 85 21 39 11 1F 17 0 7B
ID: 260, Data: 8B 21 1F 30 0 FF 6F C
ID: 153, Data: 80 0 0 FF 0 FF 0 0
ID: 5F0, Data: 20 0
ID: 153, Data: 80 0 0 FF 0 FF 0 0
ID: 153, Data: 80 0 0 FF 0 FF 0 0
ID: 18F, Data: 8AA 44 0 0 0 0 0 0
ID: 43F, Data: 80 40 60 FF 6F DC 10 0
ID: 153, Data: 80 0 0 FF 0 FF 0 0
ID: 545, Data: 8E4 32 0 8B 96 0 96 0
ID: 316, Data: 85 20 8E 10 1F 17 0 7B
ID: 153, Data: 80 0 0 FF 0 FF 0 0
ID: 153, Data: 80 0 0 FF 0 FF 0 0
ID: 18F, Data: 8AA 44 0 0 0 0 0 0
ID: 316, Data: 85 1F 6B 10 1E 17 0 7B
ID: 153, Data: 80 0 0 FF 0 FF 0 0
ID: 545, Data: 8E4 30 0 8B 87 0 87 0
ID: 43F, Data: 80 40 60 FF 6F 28 10 0
ID: 316, Data: 85 1F 17 10 1F 18 0 7B
ID: A1, Data: 880 7E 80 7E 1E 0 0 0
ID: 153, Data: 80 0 0 FF 0 FF 0 0
ID: 316, Data: 85 1F BF F 1F 18 0 7B
ID: 153, Data: 80 0 0 FF 0 FF 0 0
ID: 153, Data: 80 0 0 FF 0 FF 0 0
ID: 43F, Data: 80 40 60 FF 6F A8 F 0
ID: 153, Data: 80 0 0 FF 0 FF 0 0
ID: 43F, Data: 80 40 60 FF 6E 90 F 0
ID: 153, Data: 80 0 0 FF 0 FF 0 0
ID: 153, Data: 80 0 0 FF 0 FF 0 0
ID: A1, Data: 880 7E 80 7E 1E 0 0 0
ID: 280, Data: 830 0 84 BA 1E 17 6C 3F
ID: 18F, Data: 8AA 43 0 0 0 0 0 0
ID: 153, Data: 80 0 0 FF 0 FF 0 0
ID: 43F, Data: 80 40 60 FF 6E 24 F 0
ID: A0, Data: 82D 84 6B F 0 26 1 0
ID: 43F, Data: 80 40 60 FF 6E D8 E 0
ID: 153, Data: 80 0 0 FF 0 FF 0 0
ID: 153, Data: 80 0 0 FF 0 FF 0 0
ID: 153, Data: 80 0 0 FF 0 FF 0 0
ID: 440, Data: 8FE 0 0 A0 FF AA AA AA
ID: 316, Data: 85 1F BF E 1E 18 0 7B
ID: A1, Data: 880 7E 80 7E 1E 0 0 0
ID: 440, Data: 8FE 0 0 A0 FF AA AA AA
ID: 43F, Data: 80 40 60 FF 6D B4 E 0
ID: 153, Data: 80 0 0 FF 0 FF 0 0
ID: 316, Data: 85 1E 8B E 1D 19 0 7B
ID: 43F, Data: 80 40 60 FF 6D 80 E 0
ID: 440, Data: 8FE 0 0 A0 FF AA AA AA
ID: 545, Data: 8E4 2A 0 8B 60 0 60 0
ID: 153, Data: 80 0 0 FF 0 FF 0 0
ID: 316, Data: 85 1E 46 E 1D 19 0 7B
ID: 440, Data: 8FE 0 0 A0 FF AA AA AA
ID: 316, Data: 85 1E 24 E 1D 19 0 7B
ID: 316, Data: 85 1E 2C E 1D 19 0 7B
ID: A0, Data: 82D 84 2C E 0 25 1 0
ID: 316, Data: 85 1D E E 1D 19 0 7B
ID: A0, Data: 82D 84 2C E 0 25 1 0
ID: 440, Data: 8FE 0 0 A0 FF AA AA AA
ID: 370, Data: 8FF E0 F0 F0 FF FF FF FF
ID: 153, Data: 80 0 0 FF 0 FF 0 0
ID: A0, Data: 82E 84 D7 D 0 25 1 0
ID: 329, Data: 8B BA 80 8 11 2C 0 26
ID: 316, Data: 85 1E BE D 1D 19 0 7B
ID: 2A0, Data: 8E0 0 6C 18 31 0 10 0
ID: A1, Data: 880 7E 80 7E 1E 0 0 0
ID: 316, Data: 85 1E 8A D 1D 19 0 7B
ID: 153, Data: 80 0 0 FF 0 FF 0 0
ID: 316, Data: 85 1E 57 D 1D 19 0 7B
ID: 153, Data: 80 0 0 FF 0 FF 0 0
ID: 153, Data: 80 0 0 FF 0 FF 0 0
ID: 43F, Data: 80 40 60 FF 6B 2C D 0
ID: 153, Data: 80 0 0 FF 0 FF 0 0
ID: 43F, Data: 80 40 60 FF 6C 40 D 0
ID: 153, Data: 80 0 0 FF 0 FF 0 0
ID: 153, Data: 80 0 0 FF 0 FF 0 0
ID: A0, Data: 82F 84 59 D 0 25 1 0
ID: 316, Data: 85 1F 45 D 1C 19 0 7B
ID: 329, Data: 8ED BA 80 8 12 2C 0 26
ID: A0, Data: 82E 84 3E D 0 24 1 0
ID: 370, Data: 8FF E0 F0 F0 FF FF FF FF
ID: 153, Data: 80 0 0 FF 0 FF 0 0
ID: 280, Data: 830 0 84 BA 19 17 6C 42
ID: 43F, Data: 80 40 60 FF 6C D4 C 0
ID: A0, Data: 82E 84 FE C 0 24 1 0
ID: 316, Data: 85 1F 18 D 1C 19 0 7B
ID: 440, Data: 8FE F0 0 A0 FF AA AA AA
ID: 153, Data: 80 0 0 FF 0 FF 0 0
ID: 280, Data: 830 0 84 BA 19 17 6C 42
ID: 1F1, Data: 80 0 0 0 0 0 0 0
ID: 1F1, Data: 80 0 0 0 0 0 0 0
ID: 43F, Data: 80 40 60 FF 6D C4 C 0
ID: 5F0, Data: 20 0
ID: 316, Data: 85 1E D4 C 1B 1A 0 7B
ID: 43F, Data: 80 40 60 FF 6D B4 C 0
ID: 43F, Data: 80 40 60 FF 6D AC C 0
ID: 43F, Data: 80 40 60 FF 6D 90 C 0
ID: 370, Data: 8FF E0 F0 F0 FF FF FF FF
ID: 370, Data: 8FF E0 F0 F0 FF FF FF FF
ID: 316, Data: 85 1D 4C C 1D 1A 0 7B
ID: 153, Data: 80 0 0 FF 0 FF 0 0
ID: 43F, Data: 80 40 60 FF 6D 14 C 0
ID: 43F, Data: 80 40 60 FF 6D 8 C 0
ID: 153, Data: 80 0 0 FF 0 FF 0 0
ID: 316, Data: 85 1D 4 C 1D 1A 0 7B
ID: 153, Data: 80 0 0 FF 0 FF 0 0
ID: 5F0, Data: 20 0
ID: 440, Data: 8FE 50 0 A0 FF AA AA AA
ID: A1, Data: 880 7E 80 7E 1F 0 0 0
ID: 316, Data: 85 1E 4 C 1D 1A 0 7B
ID: 153, Data: 80 0 0 FF 0 FF 0 0
ID: 316, Data: 85 1E C1 B 1D 1A 0 7B
ID: 153, Data: 80 0 0 FF 0 FF 0 0
ID: 316, Data: 85 1E BC B 1D 1A 0 7B
ID: 440, Data: 8FE F0 0 A0 FF AA AA AA
ID: 153, Data: 80 0 0 FF 0 FF 0 0
ID: 153, Data: 80 0 0 FF 0 FF 0 0
ID: 280, Data: 830 0 84 BA 17 17 6C 41
ID: 43F, Data: 80 40 60 FF 6D B0 B 0
ID: 43F, Data: 80 40 60 FF 6D A8 B 0
ID: 153, Data: 80 0 0 FF 0 FF 0 0
ID: 316, Data: 85 1E 7E B 1D 1A 0 7B
ID: 370, Data: 8FF E0 F0 F0 FF FF FF FF
ID: 316, Data: 85 1E 71 B 1D 1A 0 7B
ID: 5F0, Data: 20 0
ID: 153, Data: 80 0 0 FF 0 FF 0 0
ID: 153, Data: 80 0 0 FF 0 FF 0 0
ID: 260, Data: 8B 1E 1D 30 0 FF 72 1D
ID: 316, Data: 85 1E 96 B 1D 1A 0 7B
ID: 153, Data: 80 0 0 FF 0 FF 0 0
ID: 316, Data: 85 1E 71 B 1D 1A 0 7B
ID: A0, Data: 82F 83 59 B 0 23 1 0
ID: 5F0, Data: 20 0
ID: 153, Data: 80 0 0 FF 0 FF 0 0
ID: 1F1, Data: 80 0 0 0 0 0 0 0
ID: 2A0, Data: 8E0 0 6C 18 31 0 10 0
ID: 316, Data: 85 1E 7B B 1D 1A 0 7B
ID: 316, Data: 85 1E 74 B 1D 1A 0 7B
ID: 329, Data: 884 B9 80 8 12 2A 0 26
ID: A0, Data: 82E 83 6C B 0 23 1 0
ID: 370, Data: 8FF E0 F0 F0 FF FF FF FF
ID: 43F, Data: 80 40 60 FF 6D 38 B 0
ID: 280, Data: 830 0 84 B9 16 17 6C 42
ID: 18F, Data: 8AA 42 0 0 0 0 0 0
ID: 316, Data: 85 1E 5D B 1D 1A 0 7B
ID: 153, Data: 80 0 0 FF 0 FF 0 0
ID: 316, Data: 85 1E 62 B 1C 1A 0 7B
ID: 153, Data: 80 0 0 FF 0 FF 0 0
ID: 153, Data: 80 0 0 FF 0 FF 0 0
ID: 43F, Data: 80 40 60 FF 6E 40 B 0
ID: 43F, Data: 80 40 60 FF 6D 34 B 0
ID: 43F, Data: 80 40 60 FF 6E 20 B 0
ID: 1F0, Data: 8FE 3F 0 0 0 0 0 0
ID: 153, Data: 80 0 0 FF 0 FF 0 0
ID: 316, Data: 85 1D 22 B 26 23 0 7B
ID: 153, Data: 80 0 0 FF 0 FF 0 0
ID: 316, Data: 85 1E 1A B 25 23 0 7B
ID: 153, Data: 80 0 0 FF 0 FF 0 0
ID: 316, Data: 85 1F 54 B 23 23 0 7B
ID: 43F, Data: 80 40 60 FF 6E 2C B 0
ID: 43F, Data: 80 40 60 FF 6E 30 B 0
ID: 43F, Data: 80 40 60 FF 6E 18 B 0
ID: 316, Data: 85 22 A7 A 23 22 0 7B
ID: 153, Data: 80 0 0 FF 0 FF 0 0
ID: 153, Data: 80 0 0 FF 0 FF 0 0
ID: 2A0, Data: 8E0 0 6C 18 31 0 10 0
ID: 316, Data: 845 24 B6 A 23 22 0 7B
ID: 260, Data: 8B 24 23 30 0 FF 6A 18
ID: 43F, Data: 80 40 60 FF 6E 88 A 0
ID: 440, Data: 8FE A0 0 A0 FF AA AA AA
ID: 316, Data: 845 25 F A 24 21 0 7B
ID: 1F1, Data: 80 0 0 0 0 0 0 0
ID: 153, Data: 80 0 0 FF 0 FF 0 0
ID: 260, Data: 8B 26 24 30 0 FF 75 A
ID: 316, Data: 845 26 E4 9 24 21 0 7B
ID: 2A0, Data: 840 0 6C 18 31 0 10 0
ID: 153, Data: 80 0 0 FF 0 FF 0 0
ID: 43F, Data: 80 40 60 FF 6E B0 9 0
ID: 43F, Data: 80 40 60 FF 6E BC 9 0
ID: 153, Data: 80 0 0 FF 0 FF 0 0
ID: 316, Data: 845 25 EC 9 24 21 0 7B
ID: 316, Data: 845 25 EF 9 24 21 0 7B
ID: 316, Data: 845 25 E5 9 24 21 0 7B
ID: 153, Data: 80 0 0 FF 0 FF 0 0
ID: 43F, Data: 80 40 60 FF 6E D0 9 0
ID: 43F, Data: 80 40 60 FF 6E D8 9 0
ID: 43F, Data: 80 40 60 FF 6E D8 9 0
ID: 43F, Data: 80 40 60 FF 6E DC 9 0
ID: 316, Data: 845 25 F5 9 24 21 0 7B
ID: 260, Data: 8B 25 24 30 0 FF 77 27
ID: 316, Data: 845 25 EC 9 24 21 0 7B
ID: 316, Data: 845 25 E5 9 24 21 0 7B
ID: 260, Data: 8B 25 24 30 0 FF 77 27
ID: 43F, Data: 80 40 60 FF 6E C8 9 0
ID: 316, Data: 845 25 E6 9 24 21 0 7B
ID: 316, Data: 845 25 EC 9 24 21 0 7B
ID: 370, Data: 8FF E0 F0 F0 FF FF FF FF
ID: 153, Data: 80 0 0 FF 0 FF 0 0
ID: A0, Data: 836 81 E0 9 0 23 1 0
ID: 329, Data: 8ED B7 80 8 12 2B 0 26
ID: 316, Data: 845 25 DD 9 24 21 0 7B
ID: 153, Data: 80 0 0 FF 0 FF 0 0
ID: 153, Data: 80 0 0 FF 0 FF 0 0
ID: 316, Data: 845 25 C7 9 25 21 0 7B
ID: 18F, Data: 8AA 4B 0 0 0 0 0 0
ID: 5F0, Data: 20 0
ID: 153, Data: 80 0 0 FF 0 FF 0 0
ID: 1F1, Data: 80 0 0 0 0 0 0 0
ID: 329, Data: 8ED B6 80 8 12 2B 0 26
ID: 316, Data: 845 25 AB 9 25 21 0 7B
ID: 316, Data: 845 25 AB 9 25 21 0 7B
ID: 18F, Data: 8AA 4D 0 0 0 0 0 0
ID: 43F, Data: 80 40 60 FF 6E 7C 9 0
ID: 153, Data: 80 0 0 FF 0 FF 0 0
ID: 43F, Data: 80 40 60 FF 6E 74 9 0
ID: 153, Data: 80 0 0 FF 0 FF 0 0
ID: 153, Data: 80 0 0 FF 0 FF 0 0
ID: A0, Data: 839 80 8B 9 0 23 1 0
ID: 545, Data: 8E4 21 0 8A 58 0 58 0
ID: 316, Data: 845 26 91 9 26 21 0 7B
ID: A0, Data: 83B 80 9B 9 0 24 1 0
ID: 440, Data: 8FE 0 0 A0 FF AA AA AA
ID: 153, Data: 80 0 0 FF 0 FF 0 0
ID: 440, Data: 8FE 0 0 A0 FF AA AA AA
ID: 43F, Data: 80 40 60 FF 6E 94 9 0
ID: 43F, Data: 80 40 60 FF 6E A0 9 0
ID: 280, Data: 830 0 84 B5 13 1C 6C 4F
ID: 370, Data: 8FF E0 F0 F0 FF FF FF FF
ID: 153, Data: 80 0 0 FF 0 FF 0 0
ID: 43F, Data: 80 40 60 FF 6E FC 9 0
ID: 2A0, Data: 840 0 6C 18 31 0 10 0
ID: 153, Data: 80 0 0 FF 0 FF 0 0
ID: 316, Data: 845 26 20 A 24 22 0 7B
ID: A1, Data: 880 7E 80 7E 25 0 0 0
ID: 316, Data: 845 26 2C A 24 22 0 7B
ID: 1F0, Data: 8FE 3F 0 0 0 0 0 0
ID: 316, Data: 845 25 20 A 24 22 0 7B
ID: 316, Data: 845 25 1F A 24 22 0 7B
ID: 2A0, Data: 8E0 0 6C 18 31 0 10 0
ID: 43F, Data: 80 40 60 FF 6E 0 A 0
ID: 316, Data: 845 25 0 A 25 22 0 7B
ID: 153, Data: 80 0 0 FF 0 FF 0 0
ID: 316, Data: 845 25 F3 9 25 22 0 7B
ID: 153, Data: 80 0 0 FF 0 FF 0 0
ID: 316, Data: 845 25 F1 9 25 22 0 7B
ID: 316, Data: 845 25 F0 9 25 22 0 7B
ID: 1F0, Data: 8FE 3F 0 0 0 0 0 0
ID: 153, Data: 80 0 0 FF 0 FF 0 0
ID: A1, Data: 880 7E 80 7E 24 0 0 0
ID: 329, Data: 884 B4 80 8 12 2B 0 26
ID: 280, Data: 830 0 84 B4 13 1B 6C 4D
ID: 316, Data: 845 25 D8 9 25 22 0 7B
ID: 316, Data: 845 25 D8 9 25 22 0 7B
ID: A0, Data: 838 7F DA 9 0 24 1 0
ID: 43F, Data: 80 40 60 FF 6E BC 9 0
ID: 153, Data: 80 0 0 FF 0 FF 0 0
ID: 43F, Data: 80 40 60 FF 6E C0 9 0
ID: 153, Data: 80 0 0 FF 0 FF 0 0
ID: 153, Data: 80 0 0 FF 0 FF 0 0
ID: 316, Data: 845 25 CD 9 25 22 0 7B
ID: A0, Data: 838 7F D6 9 0 24 1 0
ID: 316, Data: 845 25 DA 9 25 22 0 7B
ID: 440, Data: 8FE 0 0 A0 FF AA AA AA
ID: 316, Data: 845 25 E6 9 25 22 0 7B
ID: 2A0, Data: 880 0 6C 18 31 0 10 0
ID: 153, Data: 80 0 0 FF 0 FF 0 0
ID: 316, Data: 845 25 F4 9 25 22 0 7B
ID: 153, Data: 80 0 0 FF 0 FF 0 0
ID: 153, Data: 80 0 0 FF 0 FF 0 0
ID: 316, Data: 845 25 F9 9 25 22 0 7B
ID: 43F, Data: 80 40 60 FF 6E E8 9 0
ID: 316, Data: 845 26 E5 9 25 22 0 7B
ID: 316, Data: 845 26 EE 9 25 22 0 7B
ID: 545, Data: 8E4 22 0 8A 4A 0 4A 0
ID: 316, Data: 845 26 E9 9 25 22 0 7B
ID: 153, Data: 80 0 0 FF 0 FF 0 0
ID: 329, Data: 884 B3 80 8 12 2B 0 26
ID: 5F0, Data: 20 0
ID: 1F1, Data: 80 0 0 0 0 0 0 0
ID: 280, Data: 830 0 84 B3 14 1B 6C 4E
ID: 5F0, Data: 20 0
ID: 280, Data: 830 0 84 B3 14 1B 6C 4D
ID: 43F, Data: 80 40 60 FF 6E C A 0
ID: 153, Data: 80 0 0 FF 0 FF 0 0
ID: 5F0, Data: 20 0
ID: 43F, Data: 80 40 60 FF 6E 8 A 0
ID: 18F, Data: 8AA 53 0 0 0 0 0 0
ID: 18F, Data: 8AA 53 0 0 0 0 0 0
ID: 280, Data: 830 0 84 B3 14 1B 6C 4C
ID: 316, Data: 845 25 30 A 24 22 0 7B
ID: 43F, Data: 80 40 60 FF 6E 10 A 0
ID: 316, Data: 845 24 2E A 24 22 0 7B
ID: 316, Data: 845 25 24 A 24 22 0 7B
ID: 260, Data: 8B 25 25 30 0 FF 71 2C
ID: 316, Data: 845 25 19 A 25 22 0 7B
ID: 316, Data: 845 25 14 A 25 22 0 7B
ID: 1F1, Data: 80 0 0 0 0 0 0 0
ID: 1F0, Data: 8FE 3F 0 0 0 0 0 0
ID: 316, Data: 845 25 20 A 25 22 0 7B
ID: 316, Data: 845 25 12 A 25 22 0 7B
ID: 2A0, Data: 840 0 6C 18 31 0 10 0
ID: 43F, Data: 80 40 60 FF 6E F4 9 0
ID: 316, Data: 845 25 B A 25 22 0 7B
ID: 153, Data: 80 0 0 FF 0 FF 0 0
ID: 316, Data: 845 25 2 A 25 22 0 7B
ID: 1F0, Data: 8FE 3F 0 0 0 0 0 0
ID: 316, Data: 845 25 1C A 25 22 0 7B
ID: 316, Data: 845 25 1B A 25 22 0 7B
ID: 545, Data: 8E4 22 0 8B 36 0 36 0
ID: 43F, Data: 80 40 60 FF 6E 0 A 0
ID: 153, Data: 80 0 0 FF 0 FF 0 0
ID: 316, Data: 845 24 28 A 24 22 0 7B
ID: 5F0, Data: 20 0
ID: 153, Data: 80 0 0 FF 0 FF 0 0
ID: 43F, Data: 80 40 60 FF 6E 10 A 0
ID: 316, Data: 845 24 2A A 24 22 0 7B
ID: 316, Data: 845 24 2A A 24 22 0 7B
ID: 280, Data: 830 0 84 B2 14 1A 6C 4C
ID: 43F, Data: 80 40 60 FF 6E 8 A 0
ID: 316, Data: 845 24 14 A 24 22 0 7B
ID: 316, Data: 845 24 15 A 24 22 0 7B
ID: A0, Data: 837 7D 1B A 0 24 1 0
ID: 153, Data: 80 0 0 FF 0 FF 0 0
ID: 316, Data: 845 25 A A 25 22 0 7B
ID: 370, Data: 8FF E0 F0 F0 FF FF FF FF
ID: 316, Data: 845 25 8 A 25 22 0 7B
ID: 329, Data: 840 B2 80 8 12 2B 0 26
ID: A1, Data: 880 7E 80 7E 25 0 0 0
ID: 43F, Data: 80 40 60 FF 6E F0 9 0
ID: 153, Data: 80 0 0 FF 0 FF 0 0
ID: 153, Data: 80 0 0 FF 0 FF 0 0
ID: 5F0, Data: 20 0
ID: 153, Data: 80 0 0 FF 0 FF 0 0
ID: 153, Data: 80 0 0 FF 0 FF 0 0
ID: 545, Data: 8E4 22 0 8A 29 0 29 0
ID: 43F, Data: 80 40 60 FF 6E 10 A 0
ID: 545, Data: 8E4 22 0 8A 28 0 28 0
ID: 370, Data: 8FF E0 F0 F0 FF FF FF FF
ID: 153, Data: 80 0 0 FF 0 FF 0 0
ID: 280, Data: 830 0 84 B2 14 1A 6C 4C
ID: 316, Data: 845 24 36 A 24 22 0 7B
ID: 153, Data: 80 0 0 FF 0 FF 0 0
ID: 316, Data: 845 24 34 A 24 22 0 7B
ID: 153, Data: 80 0 0 FF 0 FF 0 0
ID: 153, Data: 80 0 0 FF 0 FF 0 0
ID: 316, Data: 845 24 15 A 24 22 0 7B
ID: 440, Data: 8FE 0 0 A0 FF AA AA AA
ID: 316, Data: 845 24 8 A 25 22 0 7B
ID: 316, Data: 845 24 F A 25 22 0 7B
ID: 18F, Data: 8AA 54 0 0 0 0 0 0
ID: 153, Data: 80 0 0 FF 0 FF 0 0
ID: 545, Data: 8E4 20 0 8A 24 0 24 0
ID: 316, Data: 845 24 EE 9 25 22 0 7B
ID: 18F, Data: 8AA 54 0 0 0 0 0 0
ID: 5F0, Data: 20 0
ID: 43F, Data: 80 40 60 FF 6F D4 9 0
ID: 153, Data: 80 0 0 FF 0 FF 0 0
ID: 153, Data: 80 0 0 FF 0 FF 0 0
ID: 18F, Data: 8AA 54 0 0 0 0 0 0
ID: 316, Data: 845 24 E5 9 25 22 0 7B
ID: 153, Data: 80 0 0 FF 0 FF 0 0
ID: 2A0, Data: 8E0 0 6C 18 31 0 10 0
ID: 316, Data: 845 25 F4 9 25 22 0 7B
ID: 545, Data: 8E4 21 0 8B 2E 0 2E 0
ID: 153, Data: 80 0 0 FF 0 FF 0 0
ID: 153, Data: 80 0 0 FF 0 FF 0 0
ID: 153, Data: 80 0 0 FF 0 FF 0 0
ID: 2A0, Data: 820 0 6C 18 31 0 10 0
ID: 316, Data: 845 25 13 A 24 22 0 7B
ID: 18F, Data: 8AA 54 0 0 0 0 0 0
ID: 316, Data: 845 24 E A 25 22 0 7B
ID: 43F, Data: 80 40 60 FF 6F F4 9 0
ID: 43F, Data: 80 40 60 FF 6F F8 9 0
ID: 43F, Data: 80 40 60 FF 6F 0 A 0
ID: 370, Data: 8FF E0 F0 F0 FF FF FF FF
ID: 43F, Data: 80 40 60 FF 6F C A 0
ID: 5F0, Data: 20 0
ID: 153, Data: 80 0 0 FF 0 FF 0 0
ID: 153, Data: 80 0 0 FF 0 FF 0 0
ID: A0, Data: 837 7D 30 A 0 24 2 0
ID: 370, Data: 8FF E0 F0 F0 FF FF FF FF
ID: 329, Data: 884 B1 80 8 12 2B 0 26
ID: 316, Data: 845 24 31 A 24 22 0 7B
ID: 316, Data: 845 24 28 A 24 22 0 7B
ID: A1, Data: 883 7E 80 7E 24 0 0 0
ID: 43F, Data: 80 40 60 FF 6F 8 A 0
ID: 153, Data: 80 0 0 FF 0 FF 0 0
ID: 316, Data: 845 24 2A A 24 22 0 7B
ID: 153, Data: 80 0 0 FF 0 FF 0 0
ID: 153, Data: 80 0 0 FF 0 FF 0 0
ID: 316, Data: 845 24 39 A 24 22 0 7B
ID: 153, Data: 80 0 0 FF 0 FF 0 0
ID: 316, Data: 845 24 3C A 24 22 0 7B
ID: 43F, Data: 80 40 60 FF 6F 24 A 0
ID: 316, Data: 845 24 49 A 24 22 0 7B
ID: 280, Data: 830 0 84 B0 14 1A 6C 4C
ID: 153, Data: 80 0 0 FF 0 FF 0 0
ID: 316, Data: 845 24 3D A 24 22 0 7B
ID: 153, Data: 80 0 0 FF 0 FF 0 0
ID: 316, Data: 845 24 15 A 24 22 0 7B
ID: 316, Data: 845 24 17 A 24 22 0 7B
ID: 280, Data: 830 0 84 B0 14 1A 6C 4C
ID: 43F, Data: 80 40 60 FF 6F E8 9 0
ID: 316, Data: 845 24 1B A 24 22 0 7B
ID: 329, Data: 8B B0 80 8 12 2B 0 26
ID: 440, Data: 8FE 0 0 A0 FF AA AA AA
ID: 153, Data: 80 0 0 FF 0 FF 0 0
ID: 316, Data: 845 24 F5 9 25 22 0 7B
ID: 43F, Data: 80 40 60 FF 6F E4 9 0
ID: 316, Data: 845 24 3 A 24 22 0 7B
ID: 18F, Data: 8AA 54 0 0 0 0 0 0
ID: 153, Data: 80 0 0 FF 0 FF 0 0
ID: 18F, Data: 8AA 54 0 0 0 0 0 0
ID: 316, Data: 845 24 20 A 24 22 0 7B
ID: 316, Data: 845 24 2E A 24 22 0 7B
ID: 545, Data: 8E4 22 0 8B 22 0 22 0
ID: 43F, Data: 80 40 60 FF 6F 14 A 0
ID: 43F, Data: 80 40 60 FF 6F 18 A 0
ID: 43F, Data: 80 40 60 FF 6F 1C A 0
ID: 43F, Data: 80 40 60 FF 6F 20 A 0
ID: 18F, Data: 8AA 53 0 0 0 0 0 0
ID: 153, Data: 80 0 0 FF 0 FF 0 0
ID: 18F, Data: 8AA 53 0 0 0 0 0 0
ID: 316, Data: 845 24 31 A 24 22 0 7B
ID: 5F0, Data: 20 0
ID: 280, Data: 830 0 84 B0 14 1A 6C 4C
ID: 316, Data: 845 24 39 A 24 22 0 7B
ID: 153, Data: 80 0 0 FF 0 FF 0 0
ID: 153, Data: 80 0 0 FF 0 FF 0 0
ID: 43F, Data: 80 40 60 FF 6F 1C A 0
ID: 43F, Data: 80 40 60 FF 6F 1C A 0
ID: 43F, Data: 80 40 60 FF 6F 14 A 0
ID: 43F, Data: 80 40 60 FF 6F C A 0
ID: 316, Data: 845 24 2E A 24 22 0 7B
ID: 316, Data: 845 24 2C A 24 22 0 7B
ID: A1, Data: 881 7F 82 7E 24 0 0 0
ID: 316, Data: 845 24 26 A 24 22 0 7B
ID: 1F0, Data: 8FE 3F 0 0 0 0 0 0
ID: 280, Data: 830 0 84 B0 14 1A 6C 4C
ID: 43F, Data: 80 40 60 FF 6F 4 A 0
ID: A1, Data: 880 7F 82 7E 24 0 0 0
ID: 153, Data: 80 0 0 FF 0 FF 0 0
ID: 153, Data: 80 0 0 FF 0 FF 0 0
ID: 18F, Data: 8AA 53 0 0 0 0 0 0
ID: 316, Data: 845 24 29 A 24 22 0 7B
ID: 316, Data: 845 24 C A 24 22 0 7B
ID: 2A0, Data: 820 0 6C 18 31 0 10 0
ID: 153, Data: 80 0 0 FF 0 FF 0 0
ID: 43F, Data: 80 40 60 FF 6F E8 9 0
ID: 18F, Data: 8AA 53 0 0 0 0 0 0
ID: 153, Data: 80 0 0 FF 0 FF 0 0
ID: 18F, Data: 8AA 53 0 0 0 0 0 0
ID: 329, Data: 884 B0 80 8 12 2B 0 26
ID: 316, Data: 845 24 28 A 24 22 0 7B
ID: 18F, Data: 8AA 53 0 0 0 0 0 0
ID: 370, Data: 8FF E0 F0 F0 FF FF FF FF
ID: 153, Data: 80 0 0 FF 0 FF 0 0
ID: 153, Data: 80 0 0 FF 0 FF 0 0
ID: 43F, Data: 80 40 60 FF 6F 14 A 0
ID: 153, Data: 80 0 0 FF 0 FF 0 0
ID: 316, Data: 845 24 23 A 24 22 0 7B
ID: 153, Data: 80 0 0 FF 0 FF 0 0
ID: 316, Data: 845 24 29 A 24 22 0 7B
ID: 316, Data: 845 24 2D A 24 22 0 7B
ID: 316, Data: 845 24 34 A 24 22 0 7B
ID: A0, Data: 837 7C 34 A 0 24 2 0
ID: 153, Data: 80 0 0 FF 0 FF 0 0
ID: 43F, Data: 80 40 60 FF 6F 1C A 0
ID: 153, Data: 80 0 0 FF 0 FF 0 0
ID: 153, Data: 80 0 0 FF 0 FF 0 0
ID: 260, Data: 8B 24 24 30 0 FF 70 2F
ID: 280, Data: 830 0 84 B0 14 1A 6C 4C
ID: 440, Data: 8FE 0 0 A0 FF AA AA AA
ID: 316, Data: 845 24 2D A 24 22 0 7B
ID: 260, Data: 8B 24 24 30 0 FF 71 3D
ID: 43F, Data: 80 46 60 FF 6F 10 A 0
ID: 316, Data: 845 24 1B A 24 22 0 7B
ID: 316, Data: 845 24 B A 24 22 0 7B
ID: 370, Data: 8FF E0 F0 F0 FF FF FF FF
ID: 153, Data: 80 0 0 FF 0 FF 0 0
ID: 2A0, Data: 8E0 0 6C 18 31 0 10 0
ID: 316, Data: 845 24 6 A 24 22 0 7B
ID: 153, Data: 80 0 0 FF 0 FF 0 0
ID: 153, Data: 80 0 0 FF 0 FF 0 0
ID: 280, Data: 830 0 84 B0 13 1B 6C 4D
ID: 316, Data: 845 24 EA 9 34 22 0 7B
ID: 440, Data: 837 91 0 A0 FF AA AA AA
ID: 5F0, Data: 20 0
ID: 2A0, Data: 880 0 6C 18 31 0 10 0
ID: 329, Data: 8ED B0 80 8 12 2D 0 26
ID: A1, Data: 881 80 81 7F 26 0 0 0
ID: 43F, Data: 89 45 60 FF 6F 70 8 0
ID: 43F, Data: 89 45 60 FF 6F C8 7 0
ID: 43F, Data: 89 45 60 FF 6F 8 7 0
ID: 370, Data: 8FF E0 F0 F0 FF FF FF FF
ID: 280, Data: 830 0 84 B0 13 1F 6C 56
ID: 153, Data: 80 0 0 FF 0 FF 0 0
ID: 2A0, Data: 820 0 6C 18 31 0 10 0
ID: 316, Data: 845 2F 1F 9 42 21 0 7B
ID: 153, Data: 80 0 0 FF 0 FF 0 0
ID: 153, Data: 80 0 0 FF 0 FF 0 0
ID: 18F, Data: 8AA 55 0 0 0 0 0 0
ID: 316, Data: 845 35 93 8 46 1F 0 7B
ID: 153, Data: 80 0 0 FF 0 FF 0 0
ID: 2A0, Data: 880 0 6C 18 31 0 10 0
ID: 316, Data: 845 3A A8 8 47 1F 0 7B
ID: 280, Data: 830 0 88 B0 11 28 6C 69
ID: 43F, Data: 89 45 60 FF 6F AC 1 0
ID: 316, Data: 845 41 3D 9 62 1F 0 7B
ID: 545, Data: 8E4 38 0 8A 6A 2 6A 2
ID: 153, Data: 80 0 0 FF 0 FF 0 0
ID: 153, Data: 80 0 0 FF 0 FF 0 0
ID: 1F0, Data: 8D0 3F F9 BF 0 0 0 0
ID: 18F, Data: 8AA 55 0 0 0 0 0 0
ID: A1, Data: 882 7F 81 80 35 0 0 0
ID: 329, Data: 8B B0 80 8 11 33 13 26
ID: 153, Data: 80 0 0 FF 0 FF 0 0
ID: 153, Data: 80 0 0 FF 0 FF 0 0
ID: 18F, Data: 8AA 56 0 0 0 0 0 0
ID: 316, Data: 845 48 7C 10 4A 1F 1 7B
ID: 43F, Data: 89 45 60 FF 6F F8 5 0
ID: A0, Data: 84D 7C E0 10 2 2C 2 0
ID: 153, Data: 80 0 0 FF 0 FF 0 0
ID: 153, Data: 80 0 0 FF 0 FF 0 0
ID: 43F, Data: 81 45 60 FF 6F D8 7 0
ID: 545, Data: 8E4 65 0 8B BD 2 BD 2
ID: 1F0, Data: 8D4 3F F9 BF 0 0 0 0
ID: 43F, Data: 81 45 60 FF 6F 6C 9 0
ID: 43F, Data: 81 45 60 FF 6F E4 9 0
ID: 43F, Data: 81 45 60 FF 6F 5C A 0
ID: 43F, Data: 81 45 60 FF 6F D0 A 0
ID: 2A0, Data: 8A1 4 6C 18 31 0 10 0
ID: A0, Data: 851 7C C3 11 5 2D 2 0
ID: 153, Data: 80 0 0 FF 0 FF 0 0
ID: 440, Data: 8FE 31 5 A0 FF AA AA AA
ID: 43F, Data: 81 45 60 FF 6F FC C 0
ID: 316, Data: 845 44 FC 11 47 1F 6 7B
ID: 316, Data: 845 43 26 12 47 1F 6 7B
ID: 316, Data: 845 42 5D 12 47 1F 6 7B
ID: 316, Data: 845 42 7B 12 47 1E 6 7B
ID: 43F, Data: 81 45 60 FF 6F FC E 0
ID: 316, Data: 845 40 E2 12 46 1E 7 7B
ID: 329, Data: 8B B0 80 8 11 36 10 26
ID: 153, Data: 80 0 0 FF 0 FF 0 0
ID: 316, Data: 845 3F 8C 13 45 1E 7 7B
ID: 153, Data: 80 0 0 FF 0 FF 0 0
ID: 280, Data: 830 0 88 B0 27 28 6C 6F
ID: 316, Data: 845 40 33 14 44 1E 8 7B
ID: 43F, Data: 81 45 60 FF 6F F4 11 0
ID: 43F, Data: 81 45 60 FF 6F 3C 12 0
ID: 280, Data: 830 0 88 B0 29 27 6C 6D
ID: 153, Data: 80 0 0 FF 0 FF 0 0
ID: 316, Data: 845 3E 63 15 43 1E 9 7B
ID: 153, Data: 80 0 0 FF 0 FF 0 0
ID: 2A0, Data: 8C1 7 6C 18 31 0 10 0
ID: 316, Data: 845 3D 19 16 42 1E 9 7B
ID: 329, Data: 8ED B0 80 8 11 37 10 26
ID: 316, Data: 845 3E AC 16 41 1E 9 7B
ID: 329, Data: 8B B0 80 8 11 37 C 26
ID: 316, Data: 845 3C 41 17 1B 1E A 7B
ID: 316, Data: 845 3E 87 17 1B 1E A 7B
ID: 2A0, Data: 8E0 7 6C 18 31 0 10 0
ID: 43F, Data: 81 45 60 FF 6F 50 16 0
ID: 316, Data: 845 39 36 18 1C 1F A 7B
ID: 153, Data: 80 0 0 FF 0 FF 0 0
ID: 316, Data: 845 30 36 18 1C 20 B 7B
ID: 43F, Data: 8A 45 60 FF 6F F0 16 0
ID: 316, Data: 845 2A C7 17 1D 21 B 7B
ID: 260, Data: 8B 29 1E 30 0 FF B0 F
ID: 153, Data: 80 0 0 FF 0 FF 0 0
ID: 316, Data: 845 23 1F 17 1F 22 B 7B
ID: 153, Data: 80 0 0 FF 0 FF 0 0
ID: 316, Data: 845 20 D4 16 1F 22 B 7B
ID: 316, Data: 845 1E BA 16 1F 22 B 7B
ID: 43F, Data: 8A 45 60 FF 6F 78 16 0
ID: 43F, Data: 8A 45 60 FF 6F CC 16 0
ID: 280, Data: 830 0 84 B0 2B 17 6C 3D
ID: 316, Data: 845 1E 46 15 21 22 B 7B
ID: 316, Data: 845 1F 13 15 21 22 B 7B
ID: 43F, Data: 8A 45 60 FF 6F 60 14 0
ID: 440, Data: 8FE 91 B A0 FF AA AA AA
ID: 2A0, Data: 820 6 6C 18 31 0 10 0
ID: 153, Data: 80 0 0 FF 0 FF 0 0
ID: 316, Data: 845 24 49 13 22 21 B 7B
ID: 153, Data: 80 0 0 FF 0 FF 0 0
ID: 316, Data: 845 24 77 12 23 21 B 7B
ID: 5F0, Data: 20 0
ID: A0, Data: 838 7C 77 12 C 29 2 0
ID: 18F, Data: 8AA 5B 0 0 0 0 0 0
ID: A0, Data: 839 7C 77 11 C 29 2 0
ID: 329, Data: 8ED B0 80 8 11 31 0 26
ID: 329, Data: 8ED B0 80 8 11 30 0 26
ID: 43F, Data: 8A 45 60 FF 6F A4 E 0
ID: 1F0, Data: 8EA 3F F9 BF 0 0 0 0
ID: 316, Data: 845 28 77 F 28 22 C 7B
ID: 316, Data: 845 28 23 F 28 22 C 7B
ID: 43F, Data: 8A 45 60 FF 6F 90 D 0
ID: 316, Data: 845 29 A4 E 29 22 C 7B
ID: 316, Data: 845 29 88 E 29 22 C 7B
ID: 260, Data: 8B 29 29 30 0 FF 77 0
ID: 316, Data: 845 2A 3C E 29 22 C 7B
ID: 153, Data: 80 0 0 FF 0 FF 0 0
ID: 329, Data: 840 AF 80 8 12 2F 0 26
ID: 316, Data: 845 2A 49 E 28 22 C 7B
ID: 329, Data: 884 AF 80 8 12 2F 0 26
ID: 153, Data: 80 0 0 FF 0 FF 0 0
ID: 153, Data: 80 0 0 FF 0 FF 0 0
ID: 43F, Data: 82 45 60 FF 6F 84 D 0
ID: 153, Data: 80 0 0 FF 0 FF 0 0
ID: 316, Data: 845 29 8E E 27 22 C 7B
ID: 5F0, Data: 20 0
ID: 153, Data: 80 0 0 FF 0 FF 0 0
ID: 153, Data: 80 0 0 FF 0 FF 0 0
ID: 153, Data: 80 0 0 FF 0 FF 0 0
ID: 260, Data: 8B 28 28 30 0 FF 75 22
ID: 1F1, Data: 80 BB 5D C0 5 61 F0 5
ID: 43F, Data: 82 45 60 FF 6F 24 D 0
ID: 153, Data: 80 0 0 FF 0 FF 0 0
ID: 5F0, Data: 20 0
ID: 153, Data: 80 0 0 FF 0 FF 0 0
ID: 316, Data: 845 28 D7 D 28 22 B 7B
ID: A0, Data: 839 7C C6 D C 27 2 0
ID: 153, Data: 80 0 0 FF 0 FF 0 0
ID: 153, Data: 80 0 0 FF 0 FF 0 0
ID: 260, Data: 8B 28 28 30 0 FF 74 23
ID: 329, Data: 8ED AF 80 8 12 2E 0 26
ID: 153, Data: 80 0 0 FF 0 FF 0 0
ID: 43F, Data: 82 45 60 FF 6F 7C B 0
ID: 153, Data: 80 0 0 FF 0 FF 0 0
ID: 153, Data: 80 0 0 FF 0 FF 0 0
ID: 316, Data: 845 29 6A C 2B 23 A 7B
ID: 370, Data: 8FF E0 F0 F0 FF FF FF FF
ID: 316, Data: 845 29 FF B 2B 23 9 7B
ID: 18F, Data: 8AA 5B 0 0 0 0 0 0
ID: 43F, Data: 82 45 60 FF 6F E8 9 0
ID: 153, Data: 80 0 0 FF 0 FF 0 0
ID: 153, Data: 80 0 0 FF 0 FF 0 0
ID: 153, Data: 80 0 0 FF 0 FF 0 0
ID: 370, Data: 8FF E0 F0 F0 FF FF FF FF
ID: 316, Data: 845 2C B3 A 2E 22 8 7B
ID: 153, Data: 80 0 0 FF 0 FF 0 0
ID: 153, Data: 80 0 0 FF 0 FF 0 0
ID: 440, Data: 8FE 72 7 A0 FF AA AA AA
ID: 43F, Data: 82 45 60 FF 6F F8 7 0
ID: 316, Data: 845 2E 58 A 2F 22 7 7B
ID: 329, Data: 8B AF 80 8 12 2D 0 26
ID: 153, Data: 80 0 0 FF 0 FF 0 0
ID: 316, Data: 845 2F 42 A 2F 22 6 7B
ID: 440, Data: 8FE 72 6 A0 FF AA AA AA
ID: 316, Data: 845 2F 65 A 2F 22 6 7B
ID: 2A0, Data: 8E0 3 6C 18 31 0 10 0
ID: 153, Data: 80 0 0 FF 0 FF 0 0
ID: 43F, Data: 82 45 60 FF 6F 24 6 0
ID: 153, Data: 80 0 0 FF 0 FF 0 0
ID: 316, Data: 845 2F 9A A 2E 22 5 7B
ID: 5F0, Data: 20 0
ID: 153, Data: 80 0 0 FF 0 FF 0 0
ID: 1F1, Data: 80 E0 27 40 2 28 50 2
ID: 153, Data: 80 0 0 FF 0 FF 0 0
ID: 316, Data: 845 2E 73 A 2E 22 4 7B
ID: 153, Data: 80 0 0 FF 0 FF 0 0
ID: 316, Data: 845 2E 63 A 2E 22 4 7B
ID: 153, Data: 80 0 0 FF 0 FF 0 0
ID: 316, Data: 845 2E 3D A 2F 22 4 7B
ID: 440, Data: 8DB D2 4 A0 FF AA AA AA
ID: 316, Data: 845 2E 3D A 2F 22 4 7B
ID: 316, Data: 845 2E 34 A 2F 22 4 7B
ID: 316, Data: 845 2E 3D A 2F 22 4 7B
ID: 1F1, Data: 80 0 24 10 2 24 20 2
ID: 1F0, Data: 8C2 3F F9 BF 0 0 0 0
ID: 43F, Data: 82 45 60 FF 6F 8 5 0
ID: 43F, Data: 82 45 60 FF 6F 18 5 0
ID: 153, Data: 80 0 0 FF 0 FF 0 0
ID: 43F, Data: 82 45 60 FF 6F 3C 5 0
ID: 316, Data: 845 2F 24 A 2F 21 4 7B
ID: 153, Data: 80 0 0 FF 0 FF 0 0
ID: 2A0, Data: 840 2 6C 18 31 0 10 0
ID: 316, Data: 845 2F 3A A 2F 21 4 7B
ID: 545, Data: 8E4 2A 0 8A E5 0 E5 0
ID: 153, Data: 80 0 0 FF 0 FF 0 0
ID: 43F, Data: 82 45 60 FF 6F 94 5 0
ID: 43F, Data: 82 45 60 FF 6F A0 5 0
ID: 153, Data: 80 0 0 FF 0 FF 0 0
ID: 316, Data: 845 2E 38 A 2F 22 4 7B
ID: 153, Data: 80 0 0 FF 0 FF 0 0
ID: 153, Data: 80 0 0 FF 0 FF 0 0
ID: 316, Data: 845 2E 40 A 2F 22 4 7B
ID: 153, Data: 80 0 0 FF 0 FF 0 0
ID: 5F0, Data: 20 0
ID: 43F, Data: 82 45 60 FF 6F F0 5 0
ID: 316, Data: 845 2E 50 A 2E 22 5 7B
ID: 153, Data: 80 0 0 FF 0 FF 0 0
ID: 329, Data: 840 AF 80 8 12 2D 0 26
ID: 316, Data: 845 2E 51 A 2E 22 5 7B
ID: 18F, Data: 8AA 58 0 0 0 0 0 0
ID: 316, Data: 845 2E 42 A 2E 22 5 7B
ID: 153, Data: 80 0 0 FF 0 FF 0 0
ID: 316, Data: 845 2E 1F A 2F 22 5 7B
ID: 153, Data: 80 0 0 FF 0 FF 0 0
ID: 153, Data: 80 0 0 FF 0 FF 0 0
ID: 316, Data: 845 2E 1B A 2F 21 5 7B
ID: 43F, Data: 82 45 60 FF 6F 8C 6 0
ID: 370, Data: 8FF E0 F0 F0 FF FF FF FF
ID: 316, Data: 845 2E 23 A 2F 21 5 7B
ID: 153, Data: 80 0 0 FF 0 FF 0 0
ID: 316, Data: 845 2E 1C A 2F 21 5 7B
ID: 153, Data: 80 0 0 FF 0 FF 0 0
ID: 316, Data: 845 2E 19 A 2F 21 5 7B
ID: 1F0, Data: 8B4 3F F9 BF 0 0 0 0
ID: 316, Data: 845 2E 24 A 2F 21 5 7B
ID: 280, Data: 830 0 84 AF 14 20 6C 58
ID: 153, Data: 80 0 0 FF 0 FF 0 0
ID: 316, Data: 845 2E 1D A 3C 21 6 7B
ID: 153, Data: 80 0 0 FF 0 FF 0 0
ID: 153, Data: 80 0 0 FF 0 FF 0 0
ID: 316, Data: 845 2F 49 A 3C 21 6 7B
ID: 5F0, Data: 20 0
ID: 316, Data: 845 30 69 A 3C 21 6 7B
ID: 153, Data: 80 0 0 FF 0 FF 0 0
ID: 2A0, Data: 820 1 6C 18 31 0 10 0
ID: 316, Data: 845 32 A0 A 3C 21 6 7B
ID: 2A0, Data: 8E0 1 6C 18 31 0 10 0
ID: 153, Data: 80 0 0 FF 0 FF 0 0
ID: 43F, Data: 82 45 60 FF 6F B0 8 0
ID: 43F, Data: 82 45 60 FF 6F C0 8 0
ID: 153, Data: 80 0 0 FF 0 FF 0 0
ID: 316, Data: 845 35 74 B 2B 21 7 7B
ID: 153, Data: 80 0 0 FF 0 FF 0 0
ID: 153, Data: 80 0 0 FF 0 FF 0 0
ID: 316, Data: 845 32 8F B 2B 21 7 7B
ID: 440, Data: 8FE D2 8 A0 FF AA AA AA
ID: 316, Data: 845 30 3D C 2A 22 7 7B
ID: 153, Data: 80 0 0 FF 0 FF 0 0
ID: 153, Data: 80 0 0 FF 0 FF 0 0
ID: 153, Data: 80 0 0 FF 0 FF 0 0
ID: 545, Data: 8E4 33 0 8B AB 0 AB 0
ID: 316, Data: 845 2C A0 C 2B 23 7 7B
ID: 18F, Data: 8AA 57 0 0 0 0 0 0
ID: 316, Data: 845 2B 98 C 2D 23 8 7B
ID: 43F, Data: 82 45 60 FF 6F 3C A 0
ID: 43F, Data: 82 45 60 FF 6F 64 A 0
ID: 370, Data: 8FF E0 F0 F0 FF FF FF FF
ID: 316, Data: 845 2F B2 C 3A 23 8 7B
ID: 316, Data: 845 30 AC C 3C 23 8 7B
ID: 316, Data: 845 30 AA C 3C 23 8 7B
ID: A1, Data: 880 7A 80 7B 27 0 0 0
ID: 43F, Data: 82 48 60 FF 6F EC A 0
ID: 153, Data: 80 0 0 FF 0 FF 0 0
ID: 43F, Data: 82 48 60 FF 6F D0 A 0
ID: 316, Data: 845 34 C1 C 4E 22 9 7B
ID: 153, Data: 80 0 0 FF 0 FF 0 0
ID: 260, Data: 8B 39 4F 30 0 FF A4 16
ID: 316, Data: 845 3C 16 D 55 21 9 7B
ID: 260, Data: 8B 3F 5B 30 0 FF A1 34
ID: 43F, Data: 82 48 60 FF 6F 34 B 0
ID: 1F0, Data: 88A 3F F9 BF 0 0 0 0
ID: 545, Data: 8E4 53 0 8B 8F 2 8F 2
ID: 545, Data: 8E4 5A 0 8B B8 2 B8 2
ID: 43F, Data: 82 48 60 FF 6F AC B 0
ID: 316, Data: 845 4A 8A 10 5A 1F 9 7B
ID: 153, Data: 80 0 0 FF 0 FF 0 0
ID: 18F, Data: 8AA 58 0 0 0 0 0 0
ID: 316, Data: 845 4E 61 12 56 1E A 7B
ID: 440, Data: 8F9 22 A A0 FF AA AA AA
ID: A1, Data: 881 7F 81 80 37 0 0 0
ID: 153, Data: 80 0 0 FF 0 FF 0 0
ID: 316, Data: 845 4E F5 13 55 1E A 7B
ID: 153, Data: 80 0 0 FF 0 FF 0 0
ID: 316, Data: 845 4C 58 14 55 1E A 7B
ID: 316, Data: 845 4B 7D 14 55 1E A 7B
ID: A1, Data: 881 7F 81 80 38 0 0 0
ID: 43F, Data: 82 48 60 FF 6F 80 D 0
ID: 316, Data: 845 4F EB 14 63 1D B 7B
ID: 316, Data: 845 51 2 15 64 1D B 7B
ID: 153, Data: 80 0 0 FF 0 FF 0 0
ID: 153, Data: 80 0 0 FF 0 FF 0 0
ID: 43F, Data: 82 48 60 FF 6F B8 E 0
ID: 153, Data: 80 0 0 FF 0 FF 0 0
ID: 43F, Data: 82 48 60 FF 6F 28 F 0
ID: 153, Data: 80 0 0 FF 0 FF 0 0
ID: 153, Data: 80 0 0 FF 0 FF 0 0
ID: 153, Data: 80 0 0 FF 0 FF 0 0
ID: 370, Data: 8FF E0 F0 FF FF FF FF FF
ID: 316, Data: 845 5D F0 18 65 1C D 7B
ID: 153, Data: 80 0 0 FF 0 FF 0 0
ID: 153, Data: 80 0 0 FF 0 FF 0 0
ID: 316, Data: 845 65 93 19 74 1C E 7B
ID: 43F, Data: 82 48 60 FF 6F B4 11 0
ID: 316, Data: 845 6E 59 1A 77 1B E 7B
ID: 153, Data: 80 0 0 FF 0 FF 0 0
ID: 153, Data: 80 0 0 FF 0 FF 0 0
ID: 316, Data: 845 79 F1 1C 74 1A F 7B
ID: 440, Data: 8F7 22 11 A0 FF AA AA AA
ID: 316, Data: 845 76 4D 1E 73 1B 10 7B
ID: 153, Data: 80 0 0 FF 0 FF 0 0
ID: 440, Data: 8FB 72 12 A0 FF AA AA AA
ID: 43F, Data: 82 48 60 FF 6F 88 15 0
ID: 153, Data: 80 0 0 FF 0 FF 0 0
ID: 316, Data: 845 75 7C 1E 8F 1B 12 7B
ID: 153, Data: 80 0 0 FF 0 FF 0 0
ID: 280, Data: 830 0 88 AF 3E 5D 6C B3
ID: 316, Data: 845 97 6A 20 98 1A 13 7B
ID: 153, Data: 80 0
